
[`mut i = 0;while i < 10 {;	i++;}` - 1]
MODULE test
└─FUNC_DECL main
  ├─FUNCTION_TYPE
  │ └─UNIT_STRUCT void
  └─BLOCK
    ├─UNIT_STRUCT void
    ├─LABEL block0
    ├─VAR_DECL
    │ ├─VAR_SYMBOL i mut
    │ │ └─VARIABLE_TYPE i32
    │ └─INT_LIT 0
    ├─GOTO block1
    ├─LABEL block1
    ├─BRANCH block2 else block3
    │ └─BINARY_EXPR Less
    │   ├─VAR_SYMBOL i mut
    │   │ └─VARIABLE_TYPE i32
    │   ├─INT_LIT 10
    │   └─PRIMARY_TYPE bool
    ├─LABEL block2
    ├─UNARY_EXPR IncrecementInt
    │ ├─VAR_SYMBOL i mut
    │ │ └─VARIABLE_TYPE i32
    │ └─VARIABLE_TYPE i32
    ├─GOTO block1
    ├─LABEL block3
    ├─INT_LIT 0
    └─RETURN
---
