
[`1 + 2` - 1]
MODULE test
└─FUNC_DECL main
  ├─FUNCTION_TYPE
  │ └─UNIT_STRUCT void
  └─BLOCK
    ├─UNIT_STRUCT void
    ├─LABEL block0
    ├─INT_LIT 3
    └─RETURN
---

[`true && false` - 1]
MODULE test
└─FUNC_DECL main
  ├─FUNCTION_TYPE
  │ └─UNIT_STRUCT void
  └─BLOCK
    ├─UNIT_STRUCT void
    ├─LABEL block0
    ├─BOOL_LIT false
    └─RETURN
---

[`"Hello, " + "world!"` - 1]
MODULE test
└─FUNC_DECL main
  ├─FUNCTION_TYPE
  │ └─UNIT_STRUCT void
  └─BLOCK
    ├─UNIT_STRUCT void
    ├─LABEL block0
    ├─STRING_LIT "Hello, world!"
    └─RETURN
---

[`1 == 2 || 3 == 3` - 1]
MODULE test
└─FUNC_DECL main
  ├─FUNCTION_TYPE
  │ └─UNIT_STRUCT void
  └─BLOCK
    ├─UNIT_STRUCT void
    ├─LABEL block0
    ├─BOOL_LIT true
    └─RETURN
---

[`(4 / 2) + 1` - 1]
MODULE test
└─FUNC_DECL main
  ├─FUNCTION_TYPE
  │ └─UNIT_STRUCT void
  └─BLOCK
    ├─UNIT_STRUCT void
    ├─LABEL block0
    ├─FLOAT_LIT 3
    └─RETURN
---
