
[`mut a = 10; let value = !(a == 10)` - 1]
MODULE test
└─FUNC_DECL main
  ├─FUNCTION_TYPE
  │ └─UNIT_STRUCT void
  └─BLOCK
    ├─UNIT_STRUCT void
    ├─LABEL block0
    ├─VAR_DECL
    │ ├─VAR_SYMBOL a mut
    │ │ └─VARIABLE_TYPE i32
    │ └─INT_LIT 10
    ├─VAR_DECL
    │ ├─VAR_SYMBOL value
    │ │ └─PRIMARY_TYPE bool
    │ └─BINARY_EXPR NotEqual
    │   ├─VAR_SYMBOL a mut
    │   │ └─VARIABLE_TYPE i32
    │   ├─INT_LIT 10
    │   └─PRIMARY_TYPE bool
    └─RETURN
---

[`mut a = 0; let value = !(a < 20)` - 1]
MODULE test
└─FUNC_DECL main
  ├─FUNCTION_TYPE
  │ └─UNIT_STRUCT void
  └─BLOCK
    ├─UNIT_STRUCT void
    ├─LABEL block0
    ├─VAR_DECL
    │ ├─VAR_SYMBOL a mut
    │ │ └─VARIABLE_TYPE i32
    │ └─INT_LIT 0
    ├─VAR_DECL
    │ ├─VAR_SYMBOL value
    │ │ └─PRIMARY_TYPE bool
    │ └─BINARY_EXPR GreaterEq
    │   ├─VAR_SYMBOL a mut
    │   │ └─VARIABLE_TYPE i32
    │   ├─INT_LIT 20
    │   └─PRIMARY_TYPE bool
    └─RETURN
---

[`mut a = true; let value = !!a` - 1]
MODULE test
└─FUNC_DECL main
  ├─FUNCTION_TYPE
  │ └─UNIT_STRUCT void
  └─BLOCK
    ├─UNIT_STRUCT void
    ├─LABEL block0
    ├─VAR_DECL
    │ ├─VAR_SYMBOL a mut
    │ │ └─PRIMARY_TYPE bool
    │ └─BOOL_LIT true
    ├─VAR_DECL
    │ ├─VAR_SYMBOL value
    │ │ └─PRIMARY_TYPE bool
    │ └─VAR_SYMBOL a mut
    │   └─PRIMARY_TYPE bool
    └─RETURN
---

[`mut a = 5; let value = a * 1` - 1]
MODULE test
└─FUNC_DECL main
  ├─FUNCTION_TYPE
  │ └─UNIT_STRUCT void
  └─BLOCK
    ├─UNIT_STRUCT void
    ├─LABEL block0
    ├─VAR_DECL
    │ ├─VAR_SYMBOL a mut
    │ │ └─VARIABLE_TYPE i32
    │ └─INT_LIT 5
    ├─VAR_DECL
    │ ├─VAR_SYMBOL value
    │ │ └─VARIABLE_TYPE i32
    │ └─VAR_SYMBOL a mut
    │   └─VARIABLE_TYPE i32
    └─RETURN
---

[`mut a = 31; let value = a + 0` - 1]
MODULE test
└─FUNC_DECL main
  ├─FUNCTION_TYPE
  │ └─UNIT_STRUCT void
  └─BLOCK
    ├─UNIT_STRUCT void
    ├─LABEL block0
    ├─VAR_DECL
    │ ├─VAR_SYMBOL a mut
    │ │ └─VARIABLE_TYPE i32
    │ └─INT_LIT 31
    ├─VAR_DECL
    │ ├─VAR_SYMBOL value
    │ │ └─VARIABLE_TYPE i32
    │ └─VAR_SYMBOL a mut
    │   └─VARIABLE_TYPE i32
    └─RETURN
---

[`mut a = 1; let value = a * 0` - 1]
MODULE test
└─FUNC_DECL main
  ├─FUNCTION_TYPE
  │ └─UNIT_STRUCT void
  └─BLOCK
    ├─UNIT_STRUCT void
    ├─LABEL block0
    ├─VAR_DECL
    │ ├─VAR_SYMBOL a mut
    │ │ └─VARIABLE_TYPE i32
    │ └─INT_LIT 1
    ├─VAR_DECL
    │ ├─VAR_SYMBOL value
    │ │ └─VARIABLE_TYPE i32
    │ └─INT_LIT 0
    └─RETURN
---

[`mut a = 13; let value = a / 1` - 1]
MODULE test
└─FUNC_DECL main
  ├─FUNCTION_TYPE
  │ └─UNIT_STRUCT void
  └─BLOCK
    ├─UNIT_STRUCT void
    ├─LABEL block0
    ├─VAR_DECL
    │ ├─VAR_SYMBOL a mut
    │ │ └─VARIABLE_TYPE i32
    │ └─INT_LIT 13
    ├─VAR_DECL
    │ ├─VAR_SYMBOL value
    │ │ └─VARIABLE_TYPE f32
    │ └─VAR_SYMBOL a mut
    │   └─VARIABLE_TYPE i32
    └─RETURN
---

[`mut a = 21; let value = a ** 0` - 1]
MODULE test
└─FUNC_DECL main
  ├─FUNCTION_TYPE
  │ └─UNIT_STRUCT void
  └─BLOCK
    ├─UNIT_STRUCT void
    ├─LABEL block0
    ├─VAR_DECL
    │ ├─VAR_SYMBOL a mut
    │ │ └─VARIABLE_TYPE i32
    │ └─INT_LIT 21
    ├─VAR_DECL
    │ ├─VAR_SYMBOL value
    │ │ └─VARIABLE_TYPE i32
    │ └─INT_LIT 1
    └─RETURN
---

[`mut a = 20; let value = -(-a)` - 1]
MODULE test
└─FUNC_DECL main
  ├─FUNCTION_TYPE
  │ └─UNIT_STRUCT void
  └─BLOCK
    ├─UNIT_STRUCT void
    ├─LABEL block0
    ├─VAR_DECL
    │ ├─VAR_SYMBOL a mut
    │ │ └─VARIABLE_TYPE i32
    │ └─INT_LIT 20
    ├─VAR_DECL
    │ ├─VAR_SYMBOL value
    │ │ └─VARIABLE_TYPE i32
    │ └─VAR_SYMBOL a mut
    │   └─VARIABLE_TYPE i32
    └─RETURN
---

[`mut a = 1; let value = ~(~a)` - 1]
MODULE test
└─FUNC_DECL main
  ├─FUNCTION_TYPE
  │ └─UNIT_STRUCT void
  └─BLOCK
    ├─UNIT_STRUCT void
    ├─LABEL block0
    ├─VAR_DECL
    │ ├─VAR_SYMBOL a mut
    │ │ └─VARIABLE_TYPE i32
    │ └─INT_LIT 1
    ├─VAR_DECL
    │ ├─VAR_SYMBOL value
    │ │ └─VARIABLE_TYPE i32
    │ └─VAR_SYMBOL a mut
    │   └─VARIABLE_TYPE i32
    └─RETURN
---

[`mut a = false; let value = a || true` - 1]
MODULE test
└─FUNC_DECL main
  ├─FUNCTION_TYPE
  │ └─UNIT_STRUCT void
  └─BLOCK
    ├─UNIT_STRUCT void
    ├─LABEL block0
    ├─VAR_DECL
    │ ├─VAR_SYMBOL a mut
    │ │ └─PRIMARY_TYPE bool
    │ └─BOOL_LIT false
    ├─VAR_DECL
    │ ├─VAR_SYMBOL value
    │ │ └─PRIMARY_TYPE bool
    │ └─BOOL_LIT true
    └─RETURN
---

[`mut a = true; let value = a && false` - 1]
MODULE test
└─FUNC_DECL main
  ├─FUNCTION_TYPE
  │ └─UNIT_STRUCT void
  └─BLOCK
    ├─UNIT_STRUCT void
    ├─LABEL block0
    ├─VAR_DECL
    │ ├─VAR_SYMBOL a mut
    │ │ └─PRIMARY_TYPE bool
    │ └─BOOL_LIT true
    ├─VAR_DECL
    │ ├─VAR_SYMBOL value
    │ │ └─PRIMARY_TYPE bool
    │ └─BOOL_LIT false
    └─RETURN
---

[`mut a = false; let value = a && true` - 1]
MODULE test
└─FUNC_DECL main
  ├─FUNCTION_TYPE
  │ └─UNIT_STRUCT void
  └─BLOCK
    ├─UNIT_STRUCT void
    ├─LABEL block0
    ├─VAR_DECL
    │ ├─VAR_SYMBOL a mut
    │ │ └─PRIMARY_TYPE bool
    │ └─BOOL_LIT false
    ├─VAR_DECL
    │ ├─VAR_SYMBOL value
    │ │ └─PRIMARY_TYPE bool
    │ └─VAR_SYMBOL a mut
    │   └─PRIMARY_TYPE bool
    └─RETURN
---

[`mut a = false; let value = a || false` - 1]
MODULE test
└─FUNC_DECL main
  ├─FUNCTION_TYPE
  │ └─UNIT_STRUCT void
  └─BLOCK
    ├─UNIT_STRUCT void
    ├─LABEL block0
    ├─VAR_DECL
    │ ├─VAR_SYMBOL a mut
    │ │ └─PRIMARY_TYPE bool
    │ └─BOOL_LIT false
    ├─VAR_DECL
    │ ├─VAR_SYMBOL value
    │ │ └─PRIMARY_TYPE bool
    │ └─VAR_SYMBOL a mut
    │   └─PRIMARY_TYPE bool
    └─RETURN
---
