
["if a { 10 }" - 1]
IF_EXPR (0:2)
├─IDENT a (3:4)
└─BLOCK (5:6)
  └─INT_LIT 10 (7:9)
---

["if false { 10 } else { 20 }" - 1]
IF_EXPR (0:2)
├─BOOL_LIT false (3:8)
├─BLOCK (9:10)
│ └─INT_LIT 10 (11:13)
└─ELSE_BRANCH
  └─BLOCK (21:22)
    └─INT_LIT 20 (23:25)
---

["if 69\n\t\t{\"Nice\"}\n\t\telse if 42 { \"UATLTUAE\" }else{\n\t\t\t\"Boring\"\n\t\t}" - 1]
IF_EXPR (0:2)
├─INT_LIT 69 (3:5)
├─BLOCK (8:9)
│ └─STRING_LIT "Nice" (9:15)
└─ELSE_BRANCH
  └─IF_EXPR (24:26)
    ├─INT_LIT 42 (27:29)
    ├─BLOCK (30:31)
    │ └─STRING_LIT "UATLTUAE" (32:42)
    └─ELSE_BRANCH
      └─BLOCK (48:49)
        └─STRING_LIT "Boring" (53:61)
---
