
[`interface Any {}` - 1]
INTERFACE_DECL Any (0:9)
---

[`interface Fooer { foo(bar): baz }` - 1]
INTERFACE_DECL Fooer (0:9)
└─INTERFACE_MEMBER foo
  ├─IDENT bar (22:25)
  └─IDENT baz (28:31)
---

[`interface Order { 			less ( i32 , f64 ) : bool ,  			greater(u32,i32,):f16 		}` - 1]
INTERFACE_DECL Order (0:9)
├─INTERFACE_MEMBER less
│ ├─IDENT i32 (28:31)
│ ├─IDENT f64 (34:37)
│ └─IDENT bool (42:46)
└─INTERFACE_MEMBER greater
  ├─IDENT u32 (61:64)
  ├─IDENT i32 (65:68)
  └─IDENT f16 (71:74)
---
