
[`mut a = 1; a = 2` - 1]
MODULE test
├─VAR_DECL
│ ├─VAR_SYMBOL a mut
│ │ └─VARIABLE_TYPE i32
│ └─CONVERSION
│   ├─INT_LIT 1
│   ├─VARIABLE_TYPE i32
│   └─INT_VALUE 1
└─ASSIGNMENT
  ├─VAR_SYMBOL a mut
  │ └─VARIABLE_TYPE i32
  └─CONVERSION
    ├─INT_LIT 2
    ├─VARIABLE_TYPE i32
    └─INT_VALUE 2
---

[`mut pi = 3.15; pi = 3.14` - 1]
MODULE test
├─VAR_DECL
│ ├─VAR_SYMBOL pi mut
│ │ └─VARIABLE_TYPE f64
│ └─CONVERSION
│   ├─FLOAT_LIT 3.15
│   ├─VARIABLE_TYPE f64
│   └─FLOAT_VALUE 3.15
└─ASSIGNMENT
  ├─VAR_SYMBOL pi mut
  │ └─VARIABLE_TYPE f64
  └─CONVERSION
    ├─FLOAT_LIT 3.14
    ├─VARIABLE_TYPE f64
    └─FLOAT_VALUE 3.14
---

[`mut greeting = "Hell"; greeting += "o"` - 1]
MODULE test
├─VAR_DECL
│ ├─VAR_SYMBOL greeting mut
│ │ └─PRIMARY_TYPE string
│ └─STRING_LIT "Hell"
└─ASSIGNMENT
  ├─VAR_SYMBOL greeting mut
  │ └─PRIMARY_TYPE string
  └─BINARY_EXPR Concat
    ├─VAR_SYMBOL greeting mut
    │ └─PRIMARY_TYPE string
    ├─STRING_LIT "o"
    └─PRIMARY_TYPE string
---

[`mut count = 10; count -= 2` - 1]
MODULE test
├─VAR_DECL
│ ├─VAR_SYMBOL count mut
│ │ └─VARIABLE_TYPE i32
│ └─CONVERSION
│   ├─INT_LIT 10
│   ├─VARIABLE_TYPE i32
│   └─INT_VALUE 10
└─ASSIGNMENT
  ├─VAR_SYMBOL count mut
  │ └─VARIABLE_TYPE i32
  └─BINARY_EXPR SubtractInt
    ├─VAR_SYMBOL count mut
    │ └─VARIABLE_TYPE i32
    ├─INT_LIT 2
    └─VARIABLE_TYPE i32
---
