
[`struct Vector2 { f32, f32 };const UP = Vector2 { 0, 1 };const RIGHT = Vector2 { 1, 0 };mut my_vec = UP;my_vec[0] = RIGHT[0]` - 1]
TYPE_DECL Vector2
└─TUPLE_STRUCT_TYPE Vector2
  ├─VARIABLE_TYPE f32
  └─VARIABLE_TYPE f32
VAR_DECL
├─VAR_SYMBOL UP
│ ├─TUPLE_STRUCT_TYPE Vector2
│ │ ├─VARIABLE_TYPE f32
│ │ └─VARIABLE_TYPE f32
│ └─TUPLE_VALUE
│   ├─FLOAT_VALUE 0
│   └─FLOAT_VALUE 1
└─TUPLE_STRUCT_EXPR
  ├─TUPLE_STRUCT_TYPE Vector2
  │ ├─VARIABLE_TYPE f32
  │ └─VARIABLE_TYPE f32
  ├─TUPLE_VALUE
  │ ├─FLOAT_VALUE 0
  │ └─FLOAT_VALUE 1
  ├─CONVERSION
  │ ├─INT_LIT 0
  │ ├─VARIABLE_TYPE f32
  │ └─FLOAT_VALUE 0
  └─CONVERSION
    ├─INT_LIT 1
    ├─VARIABLE_TYPE f32
    └─FLOAT_VALUE 1
VAR_DECL
├─VAR_SYMBOL RIGHT
│ ├─TUPLE_STRUCT_TYPE Vector2
│ │ ├─VARIABLE_TYPE f32
│ │ └─VARIABLE_TYPE f32
│ └─TUPLE_VALUE
│   ├─FLOAT_VALUE 1
│   └─FLOAT_VALUE 0
└─TUPLE_STRUCT_EXPR
  ├─TUPLE_STRUCT_TYPE Vector2
  │ ├─VARIABLE_TYPE f32
  │ └─VARIABLE_TYPE f32
  ├─TUPLE_VALUE
  │ ├─FLOAT_VALUE 1
  │ └─FLOAT_VALUE 0
  ├─CONVERSION
  │ ├─INT_LIT 1
  │ ├─VARIABLE_TYPE f32
  │ └─FLOAT_VALUE 1
  └─CONVERSION
    ├─INT_LIT 0
    ├─VARIABLE_TYPE f32
    └─FLOAT_VALUE 0
VAR_DECL
├─VAR_SYMBOL my_vec mut
│ └─TUPLE_STRUCT_TYPE Vector2
│   ├─VARIABLE_TYPE f32
│   └─VARIABLE_TYPE f32
└─VAR_SYMBOL UP
  ├─TUPLE_STRUCT_TYPE Vector2
  │ ├─VARIABLE_TYPE f32
  │ └─VARIABLE_TYPE f32
  └─TUPLE_VALUE
    ├─FLOAT_VALUE 0
    └─FLOAT_VALUE 1
ASSIGNMENT
├─INDEX_EXPR
│ ├─VAR_SYMBOL my_vec mut
│ │ └─TUPLE_STRUCT_TYPE Vector2
│ │   ├─VARIABLE_TYPE f32
│ │   └─VARIABLE_TYPE f32
│ ├─INT_LIT 0
│ └─VARIABLE_TYPE f32
└─INDEX_EXPR
  ├─VAR_SYMBOL RIGHT
  │ ├─TUPLE_STRUCT_TYPE Vector2
  │ │ ├─VARIABLE_TYPE f32
  │ │ └─VARIABLE_TYPE f32
  │ └─TUPLE_VALUE
  │   ├─FLOAT_VALUE 1
  │   └─FLOAT_VALUE 0
  ├─INT_LIT 0
  ├─VARIABLE_TYPE f32
  └─FLOAT_VALUE 1
---
