
[`-1` - 1]
UNARY_EXPR NegateInt
├─INT_LIT 1
├─VARIABLE_TYPE untyped int
└─INT_VALUE -1
---

[`-2.72` - 1]
UNARY_EXPR NegateFloat
├─FLOAT_LIT 2.72
├─VARIABLE_TYPE untyped float
└─FLOAT_VALUE -2.72
---

[`!true` - 1]
UNARY_EXPR LogicalNot
├─BOOL_LIT true
├─PRIMARY_TYPE bool
└─BOOL_VALUE false
---

[`~104` - 1]
UNARY_EXPR BitwiseNot
├─INT_LIT 104
├─VARIABLE_TYPE untyped int
└─INT_VALUE -105
---

[`mut a = 0; a++` - 1]
VAR_DECL
├─VAR_SYMBOL a mut
│ └─VARIABLE_TYPE i32
└─CONVERSION
  ├─INT_LIT 0
  ├─VARIABLE_TYPE i32
  └─INT_VALUE 0
UNARY_EXPR IncrecementInt
├─VAR_SYMBOL a mut
│ └─VARIABLE_TYPE i32
└─VARIABLE_TYPE i32
---

[`mut f = 1.5; f++` - 1]
VAR_DECL
├─VAR_SYMBOL f mut
│ └─VARIABLE_TYPE f32
└─CONVERSION
  ├─FLOAT_LIT 1.5
  ├─VARIABLE_TYPE f32
  └─FLOAT_VALUE 1.5
UNARY_EXPR IncrementFloat
├─VAR_SYMBOL f mut
│ └─VARIABLE_TYPE f32
└─VARIABLE_TYPE f32
---

[`mut value = 24; value--` - 1]
VAR_DECL
├─VAR_SYMBOL value mut
│ └─VARIABLE_TYPE i32
└─CONVERSION
  ├─INT_LIT 24
  ├─VARIABLE_TYPE i32
  └─INT_VALUE 24
UNARY_EXPR DecrecementInt
├─VAR_SYMBOL value mut
│ └─VARIABLE_TYPE i32
└─VARIABLE_TYPE i32
---

[`mut countdown = 12.3; countdown--` - 1]
VAR_DECL
├─VAR_SYMBOL countdown mut
│ └─VARIABLE_TYPE f32
└─CONVERSION
  ├─FLOAT_LIT 12.3
  ├─VARIABLE_TYPE f32
  └─FLOAT_VALUE 12.3
UNARY_EXPR DecrementFloat
├─VAR_SYMBOL countdown mut
│ └─VARIABLE_TYPE f32
└─VARIABLE_TYPE f32
---

[`let option: ?i32 = 10; option!` - 1]
VAR_DECL
├─VAR_SYMBOL option
│ ├─OPTION_TYPE
│ │ └─VARIABLE_TYPE i32
│ └─INT_VALUE 10
└─CONVERSION
  ├─INT_LIT 10
  ├─OPTION_TYPE
  │ └─VARIABLE_TYPE i32
  └─INT_VALUE 10
UNARY_EXPR CrashError
├─VAR_SYMBOL option
│ ├─OPTION_TYPE
│ │ └─VARIABLE_TYPE i32
│ └─INT_VALUE 10
└─VARIABLE_TYPE i32
---

[`let result: !i32 = 10; result!` - 1]
VAR_DECL
├─VAR_SYMBOL result
│ ├─RESULT_TYPE
│ │ └─VARIABLE_TYPE i32
│ └─INT_VALUE 10
└─CONVERSION
  ├─INT_LIT 10
  ├─RESULT_TYPE
  │ └─VARIABLE_TYPE i32
  └─INT_VALUE 10
UNARY_EXPR CrashError
├─VAR_SYMBOL result
│ ├─RESULT_TYPE
│ │ └─VARIABLE_TYPE i32
│ └─INT_VALUE 10
└─VARIABLE_TYPE i32
---
