
[`()` - 1]
TUPLE_EXPR
├─TUPLE_TYPE
└─TUPLE_VALUE
---

[`(1, 2, 3)` - 1]
TUPLE_EXPR
├─TUPLE_TYPE
│ ├─VARIABLE_TYPE i32
│ ├─VARIABLE_TYPE i32
│ └─VARIABLE_TYPE i32
├─TUPLE_VALUE
│ ├─INT_VALUE 1
│ ├─INT_VALUE 2
│ └─INT_VALUE 3
├─CONVERSION
│ ├─INT_LIT 1
│ └─VARIABLE_TYPE i32
├─CONVERSION
│ ├─INT_LIT 2
│ └─VARIABLE_TYPE i32
└─CONVERSION
  ├─INT_LIT 3
  └─VARIABLE_TYPE i32
---

[`(1.5, true, -1)` - 1]
TUPLE_EXPR
├─TUPLE_TYPE
│ ├─VARIABLE_TYPE f32
│ ├─PRIMARY_TYPE bool
│ └─VARIABLE_TYPE i32
├─TUPLE_VALUE
│ ├─FLOAT_VALUE 1.500000
│ ├─BOOL_VALUE true
│ └─INT_VALUE -1
├─CONVERSION
│ ├─FLOAT_LIT 1.5
│ └─VARIABLE_TYPE f32
├─BOOL_LIT true
└─CONVERSION
  ├─UNARY_EXPR NegateInt
  │ ├─INT_LIT 1
  │ ├─VARIABLE_TYPE untyped int
  │ └─INT_VALUE -1
  └─VARIABLE_TYPE i32
---

[`("Hi", 2, false)` - 1]
TUPLE_EXPR
├─TUPLE_TYPE
│ ├─PRIMARY_TYPE string
│ ├─VARIABLE_TYPE i32
│ └─PRIMARY_TYPE bool
├─TUPLE_VALUE
│ ├─STRING_VALUE "Hi"
│ ├─INT_VALUE 2
│ └─BOOL_VALUE false
├─STRING_LIT "Hi"
├─CONVERSION
│ ├─INT_LIT 2
│ └─VARIABLE_TYPE i32
└─BOOL_LIT false
---
