
[`1 is i32` - 1]
MODULE test
└─TYPE_CHECK_EXPR
  ├─INT_LIT 1
  ├─VARIABLE_TYPE i32
  └─BOOL_VALUE true
---

[`true is bool[1]` - 1]
MODULE test
└─TYPE_CHECK_EXPR
  ├─BOOL_LIT true
  ├─ARRAY_TYPE 1
  │ └─PRIMARY_TYPE bool
  └─BOOL_VALUE false
---

[`({1: 1.0, 3: 3.14}) is {i32: f64}` - 1]
MODULE test
└─TYPE_CHECK_EXPR
  ├─MAP_EXPR
  │ ├─MAP_TYPE
  │ │ ├─VARIABLE_TYPE i32
  │ │ └─VARIABLE_TYPE f64
  │ ├─MAP_VALUE
  │ │ ├─KEY_VALUE
  │ │ │ ├─INT_VALUE 1
  │ │ │ └─FLOAT_VALUE 1
  │ │ └─KEY_VALUE
  │ │   ├─INT_VALUE 3
  │ │   └─FLOAT_VALUE 3.14
  │ ├─KEY_VALUE
  │ │ ├─INT_LIT 1
  │ │ └─FLOAT_LIT 1
  │ └─KEY_VALUE
  │   ├─INT_LIT 3
  │   └─FLOAT_LIT 3.14
  ├─MAP_TYPE
  │ ├─VARIABLE_TYPE i32
  │ └─VARIABLE_TYPE f64
  └─BOOL_VALUE true
---

[`(1, 3.1, "hi") is (i32, f64, string)` - 1]
MODULE test
└─TYPE_CHECK_EXPR
  ├─TUPLE_EXPR
  │ ├─TUPLE_TYPE
  │ │ ├─VARIABLE_TYPE i32
  │ │ ├─VARIABLE_TYPE f64
  │ │ └─PRIMARY_TYPE string
  │ ├─TUPLE_VALUE
  │ │ ├─INT_VALUE 1
  │ │ ├─FLOAT_VALUE 3.1
  │ │ └─STRING_VALUE "hi"
  │ ├─CONVERSION
  │ │ ├─INT_LIT 1
  │ │ ├─VARIABLE_TYPE i32
  │ │ └─INT_VALUE 1
  │ ├─CONVERSION
  │ │ ├─FLOAT_LIT 3.1
  │ │ ├─VARIABLE_TYPE f64
  │ │ └─FLOAT_VALUE 3.1
  │ └─STRING_LIT "hi"
  ├─TUPLE_TYPE
  │ ├─VARIABLE_TYPE i32
  │ ├─VARIABLE_TYPE f64
  │ └─PRIMARY_TYPE string
  └─BOOL_VALUE true
---
