
[`[1, 2, 3]` - 1]
ARRAY_EXPR
├─ARRAY_TYPE 3 can_infer
│ └─VARIABLE_TYPE i32
├─ARRAY_VALUE
│ ├─INT_VALUE 1
│ ├─INT_VALUE 2
│ └─INT_VALUE 3
├─CONVERSION
│ ├─INT_LIT 1
│ └─VARIABLE_TYPE i32
├─CONVERSION
│ ├─INT_LIT 2
│ └─VARIABLE_TYPE i32
└─CONVERSION
  ├─INT_LIT 3
  └─VARIABLE_TYPE i32
---

[`[true, false, true || true]` - 1]
ARRAY_EXPR
├─ARRAY_TYPE 3 can_infer
│ └─PRIMARY_TYPE bool
├─ARRAY_VALUE
│ ├─BOOL_VALUE true
│ ├─BOOL_VALUE false
│ └─BOOL_VALUE true
├─BOOL_LIT true
├─BOOL_LIT false
└─BINARY_EXPR LogicalOr
  ├─BOOL_LIT true
  ├─BOOL_LIT true
  ├─PRIMARY_TYPE bool
  └─BOOL_VALUE true
---

[`[1.5 + 2, 6 / 5, 1.2 ** 2]` - 1]
ARRAY_EXPR
├─ARRAY_TYPE 3 can_infer
│ └─VARIABLE_TYPE f32
├─ARRAY_VALUE
│ ├─FLOAT_VALUE 3.500000
│ ├─FLOAT_VALUE 1.200000
│ └─FLOAT_VALUE 1.440000
├─CONVERSION
│ ├─BINARY_EXPR AddFloat
│ │ ├─CONVERSION
│ │ │ ├─FLOAT_LIT 1.5
│ │ │ └─VARIABLE_TYPE f32
│ │ ├─CONVERSION
│ │ │ ├─INT_LIT 2
│ │ │ └─VARIABLE_TYPE f32
│ │ ├─VARIABLE_TYPE untyped float
│ │ └─FLOAT_VALUE 3.500000
│ └─VARIABLE_TYPE f32
├─CONVERSION
│ ├─BINARY_EXPR Divide
│ │ ├─INT_LIT 6
│ │ ├─INT_LIT 5
│ │ ├─VARIABLE_TYPE untyped float
│ │ └─FLOAT_VALUE 1.200000
│ └─VARIABLE_TYPE f32
└─CONVERSION
  ├─BINARY_EXPR PowerFloat
  │ ├─CONVERSION
  │ │ ├─FLOAT_LIT 1.2
  │ │ └─VARIABLE_TYPE f32
  │ ├─CONVERSION
  │ │ ├─INT_LIT 2
  │ │ └─VARIABLE_TYPE f32
  │ ├─VARIABLE_TYPE untyped float
  │ └─FLOAT_VALUE 1.440000
  └─VARIABLE_TYPE f32
---
